------------------------------------------------------------
TimeQuest Timing Analyzer Summary
------------------------------------------------------------

Type  : Slow 1100mV 85C Model Setup 'CLOCK_50'
Slack : -29.173
TNS   : -661.994

Type  : Slow 1100mV 85C Model Hold 'CLOCK_50'
Slack : 0.369
TNS   : 0.000

Type  : Slow 1100mV 85C Model Minimum Pulse Width 'CLOCK_50'
Slack : -2.174
TNS   : -169.545

Type  : Slow 1100mV 0C Model Setup 'CLOCK_50'
Slack : -30.664
TNS   : -672.944

Type  : Slow 1100mV 0C Model Hold 'CLOCK_50'
Slack : 0.359
TNS   : 0.000

Type  : Slow 1100mV 0C Model Minimum Pulse Width 'CLOCK_50'
Slack : -2.174
TNS   : -162.299

Type  : Fast 1100mV 85C Model Setup 'CLOCK_50'
Slack : -13.895
TNS   : -310.632

Type  : Fast 1100mV 85C Model Hold 'CLOCK_50'
Slack : 0.180
TNS   : 0.000

Type  : Fast 1100mV 85C Model Minimum Pulse Width 'CLOCK_50'
Slack : -2.174
TNS   : -143.728

Type  : Fast 1100mV 0C Model Setup 'CLOCK_50'
Slack : -13.314
TNS   : -284.253

Type  : Fast 1100mV 0C Model Hold 'CLOCK_50'
Slack : 0.172
TNS   : 0.000

Type  : Fast 1100mV 0C Model Minimum Pulse Width 'CLOCK_50'
Slack : -2.174
TNS   : -155.517

------------------------------------------------------------
